Modules list:
-------------
test_stdio.o:
    CODE              Offs=000000  Size=000771  Align=00001  Fill=0000
    BSS               Offs=000000  Size=000043  Align=00001  Fill=0000
    ZEROPAGE          Offs=000000  Size=00007B  Align=00001  Fill=0000
    COMHEADER         Offs=000000  Size=000006  Align=00001  Fill=0000
    AUTOSTRT          Offs=000000  Size=000006  Align=00001  Fill=0000


Segment list:
-------------
Name                   Start     End    Size  Align
----------------------------------------------------
AUTOSTRT              000000  000005  000006  00001
COMHEADER             000000  000005  000006  00001
ZEROPAGE              000082  0000FC  00007B  00001
CODE                  004000  004770  000771  00001
BSS                   004771  0047B3  000043  00001


Exports list by name:
---------------------
__BSS_LOAD__              004771 RLA    __RAM_START__             004000 RLA    



Exports list by value:
----------------------
__RAM_START__             004000 RLA    __BSS_LOAD__              004771 RLA    



Imports list:
-------------
__BSS_LOAD__ ([linker generated]):
    test_stdio.o              test_stdio.s:279
__RAM_START__ ([linker generated]):
    test_stdio.o              test_stdio.s:279

